 
****************************************
Report : area
Design : top
Version: S-2021.06-SP4
Date   : Tue Jun 30 15:17:29 2026
****************************************

Library(s) Used:

    saed32rvt_ss0p7vn40c (File: /home/DB/SAED32_EDK/lib/stdcell_rvt/db_nldm/saed32rvt_ss0p7vn40c.db)

Number of ports:                           58
Number of nets:                           153
Number of cells:                          107
Number of combinational cells:             84
Number of sequential cells:                18
Number of macros/black boxes:               0
Number of buf/inv:                         10
Number of references:                       2

Combinational area:                200.773761
Buf/Inv area:                       12.707200
Noncombinational area:               0.000000
Macro/Black Box area:                0.000000
Net Interconnect area:              33.754376

Total cell area:                   200.773761
Total area:                        234.528137

Information: This design contains unmapped logic. (RPT-7)
1
